--------------------------------------------------------------------------------------
Timing Analyzer Summary
--------------------------------------------------------------------------------------

Type           : Worst-case tsu
Slack          : N/A
Required Time  : None
Actual Time    : 3.280 ns
From           : NEXT
To             : lpm_counter0:inst|lpm_counter:lpm_counter_component|cntr_0ci:auto_generated|safe_q[11]
From Clock     : --
To Clock       : CLC
Failed Paths   : 0

Type           : Worst-case tco
Slack          : N/A
Required Time  : None
Actual Time    : 18.072 ns
From           : CASH:inst3|SET:inst11|TAG_MEM:inst|TAG:inst|lpm_counter1:inst5|lpm_counter:lpm_counter_component|cntr_t5i:auto_generated|safe_q[7]
To             : MOV_REG_MEM
From Clock     : CLC
To Clock       : --
Failed Paths   : 0

Type           : Worst-case th
Slack          : N/A
Required Time  : None
Actual Time    : -3.041 ns
From           : NEXT
To             : lpm_counter0:inst|lpm_counter:lpm_counter_component|cntr_0ci:auto_generated|safe_q[11]
From Clock     : --
To Clock       : CLC
Failed Paths   : 0

Type           : Clock Setup: 'CLC'
Slack          : N/A
Required Time  : None
Actual Time    : 74.70 MHz ( period = 13.386 ns )
From           : lpm_counter0:inst|lpm_counter:lpm_counter_component|cntr_0ci:auto_generated|safe_q[0]
To             : CASH:inst3|SET:inst10|DATA_MEM:inst3|ROW:inst|CELL:inst17|lpm_dff0:inst|lpm_ff:lpm_ff_component|dffs[1]
From Clock     : CLC
To Clock       : CLC
Failed Paths   : 0

Type           : Total number of failed paths
Slack          : 
Required Time  : 
Actual Time    : 
From           : 
To             : 
From Clock     : 
To Clock       : 
Failed Paths   : 0

--------------------------------------------------------------------------------------

