Analysis & Synthesis report for course-project
Fri Apr 21 00:59:39 2017
Quartus II Version 9.1 Build 222 10/21/2009 SJ Web Edition


---------------------
; Table of Contents ;
---------------------
  1. Legal Notice
  2. Analysis & Synthesis Summary
  3. Analysis & Synthesis Settings
  4. Parallel Compilation
  5. Analysis & Synthesis Source Files Read
  6. Analysis & Synthesis Resource Usage Summary
  7. Analysis & Synthesis Resource Utilization by Entity
  8. Registers Removed During Synthesis
  9. General Register Statistics
 10. Parameter Settings for User Entity Instance: CELL:inst20|lpm_bustri1:inst13|lpm_bustri:lpm_bustri_component
 11. Parameter Settings for User Entity Instance: CELL:inst20|lpm_dff0:inst|lpm_ff:lpm_ff_component
 12. Parameter Settings for User Entity Instance: CELL:inst20|lpm_bustri1:inst12|lpm_bustri:lpm_bustri_component
 13. Parameter Settings for User Entity Instance: lpm_decode2:inst13|lpm_decode:lpm_decode_component
 14. Parameter Settings for User Entity Instance: CELL:inst18|lpm_bustri1:inst13|lpm_bustri:lpm_bustri_component
 15. Parameter Settings for User Entity Instance: CELL:inst18|lpm_dff0:inst|lpm_ff:lpm_ff_component
 16. Parameter Settings for User Entity Instance: CELL:inst18|lpm_bustri1:inst12|lpm_bustri:lpm_bustri_component
 17. Parameter Settings for User Entity Instance: CELL:inst17|lpm_bustri1:inst13|lpm_bustri:lpm_bustri_component
 18. Parameter Settings for User Entity Instance: CELL:inst17|lpm_dff0:inst|lpm_ff:lpm_ff_component
 19. Parameter Settings for User Entity Instance: CELL:inst17|lpm_bustri1:inst12|lpm_bustri:lpm_bustri_component
 20. Parameter Settings for User Entity Instance: CELL:inst|lpm_bustri1:inst13|lpm_bustri:lpm_bustri_component
 21. Parameter Settings for User Entity Instance: CELL:inst|lpm_dff0:inst|lpm_ff:lpm_ff_component
 22. Parameter Settings for User Entity Instance: CELL:inst|lpm_bustri1:inst12|lpm_bustri:lpm_bustri_component
 23. Analysis & Synthesis Messages



----------------
; Legal Notice ;
----------------
Copyright (C) 1991-2009 Altera Corporation
Your use of Altera Corporation's design tools, logic functions 
and other software and tools, and its AMPP partner logic 
functions, and any output files from any of the foregoing 
(including device programming or simulation files), and any 
associated documentation or information are expressly subject 
to the terms and conditions of the Altera Program License 
Subscription Agreement, Altera MegaCore Function License 
Agreement, or other applicable license agreement, including, 
without limitation, that your use is for the sole purpose of 
programming logic devices manufactured by Altera and sold by 
Altera or its authorized distributors.  Please refer to the 
applicable agreement for further details.



+-------------------------------------------------------------------------+
; Analysis & Synthesis Summary                                            ;
+-------------------------------+-----------------------------------------+
; Analysis & Synthesis Status   ; Successful - Fri Apr 21 00:59:39 2017   ;
; Quartus II Version            ; 9.1 Build 222 10/21/2009 SJ Web Edition ;
; Revision Name                 ; course-project                          ;
; Top-level Entity Name         ; DATA_MEM                                ;
; Family                        ; Stratix II                              ;
; Logic utilization             ; N/A                                     ;
;     Combinational ALUTs       ; 16                                      ;
;     Dedicated logic registers ; 16                                      ;
; Total registers               ; 16                                      ;
; Total pins                    ; 37                                      ;
; Total virtual pins            ; 0                                       ;
; Total block memory bits       ; 0                                       ;
; DSP block 9-bit elements      ; 0                                       ;
; Total PLLs                    ; 0                                       ;
; Total DLLs                    ; 0                                       ;
+-------------------------------+-----------------------------------------+


+----------------------------------------------------------------------------------------------------------------------+
; Analysis & Synthesis Settings                                                                                        ;
+----------------------------------------------------------------------------+--------------------+--------------------+
; Option                                                                     ; Setting            ; Default Value      ;
+----------------------------------------------------------------------------+--------------------+--------------------+
; Top-level entity name                                                      ; DATA_MEM           ; course-project     ;
; Family name                                                                ; Stratix II         ; Stratix II         ;
; Use Generated Physical Constraints File                                    ; Off                ;                    ;
; Use smart compilation                                                      ; Off                ; Off                ;
; Enable parallel Assembler and TimeQuest Timing Analyzer during compilation ; On                 ; On                 ;
; Enable compact report table                                                ; Off                ; Off                ;
; Restructure Multiplexers                                                   ; Auto               ; Auto               ;
; Create Debugging Nodes for IP Cores                                        ; Off                ; Off                ;
; Preserve fewer node names                                                  ; On                 ; On                 ;
; Disable OpenCore Plus hardware evaluation                                  ; Off                ; Off                ;
; Verilog Version                                                            ; Verilog_2001       ; Verilog_2001       ;
; VHDL Version                                                               ; VHDL_1993          ; VHDL_1993          ;
; State Machine Processing                                                   ; Auto               ; Auto               ;
; Safe State Machine                                                         ; Off                ; Off                ;
; Extract Verilog State Machines                                             ; On                 ; On                 ;
; Extract VHDL State Machines                                                ; On                 ; On                 ;
; Ignore Verilog initial constructs                                          ; Off                ; Off                ;
; Iteration limit for constant Verilog loops                                 ; 5000               ; 5000               ;
; Iteration limit for non-constant Verilog loops                             ; 250                ; 250                ;
; Add Pass-Through Logic to Inferred RAMs                                    ; On                 ; On                 ;
; Parallel Synthesis                                                         ; On                 ; On                 ;
; DSP Block Balancing                                                        ; Auto               ; Auto               ;
; NOT Gate Push-Back                                                         ; On                 ; On                 ;
; Power-Up Don't Care                                                        ; On                 ; On                 ;
; Remove Redundant Logic Cells                                               ; Off                ; Off                ;
; Remove Duplicate Registers                                                 ; On                 ; On                 ;
; Ignore CARRY Buffers                                                       ; Off                ; Off                ;
; Ignore CASCADE Buffers                                                     ; Off                ; Off                ;
; Ignore GLOBAL Buffers                                                      ; Off                ; Off                ;
; Ignore ROW GLOBAL Buffers                                                  ; Off                ; Off                ;
; Ignore LCELL Buffers                                                       ; Off                ; Off                ;
; Ignore SOFT Buffers                                                        ; On                 ; On                 ;
; Limit AHDL Integers to 32 Bits                                             ; Off                ; Off                ;
; Optimization Technique                                                     ; Balanced           ; Balanced           ;
; Carry Chain Length                                                         ; 70                 ; 70                 ;
; Auto Carry Chains                                                          ; On                 ; On                 ;
; Auto Open-Drain Pins                                                       ; On                 ; On                 ;
; Perform WYSIWYG Primitive Resynthesis                                      ; Off                ; Off                ;
; Auto ROM Replacement                                                       ; On                 ; On                 ;
; Auto RAM Replacement                                                       ; On                 ; On                 ;
; Auto DSP Block Replacement                                                 ; On                 ; On                 ;
; Auto Shift Register Replacement                                            ; Auto               ; Auto               ;
; Auto Clock Enable Replacement                                              ; On                 ; On                 ;
; Strict RAM Replacement                                                     ; Off                ; Off                ;
; Allow Synchronous Control Signals                                          ; On                 ; On                 ;
; Force Use of Synchronous Clear Signals                                     ; Off                ; Off                ;
; Auto RAM Block Balancing                                                   ; On                 ; On                 ;
; Auto RAM to Logic Cell Conversion                                          ; Off                ; Off                ;
; Auto Resource Sharing                                                      ; Off                ; Off                ;
; Allow Any RAM Size For Recognition                                         ; Off                ; Off                ;
; Allow Any ROM Size For Recognition                                         ; Off                ; Off                ;
; Allow Any Shift Register Size For Recognition                              ; Off                ; Off                ;
; Use LogicLock Constraints during Resource Balancing                        ; On                 ; On                 ;
; Ignore translate_off and synthesis_off directives                          ; Off                ; Off                ;
; Timing-Driven Synthesis                                                    ; Off                ; Off                ;
; Show Parameter Settings Tables in Synthesis Report                         ; On                 ; On                 ;
; Ignore Maximum Fan-Out Assignments                                         ; Off                ; Off                ;
; Synchronization Register Chain Length                                      ; 2                  ; 2                  ;
; PowerPlay Power Optimization                                               ; Normal compilation ; Normal compilation ;
; HDL message level                                                          ; Level2             ; Level2             ;
; Suppress Register Optimization Related Messages                            ; Off                ; Off                ;
; Number of Removed Registers Reported in Synthesis Report                   ; 100                ; 100                ;
; Number of Inverted Registers Reported in Synthesis Report                  ; 100                ; 100                ;
; Clock MUX Protection                                                       ; On                 ; On                 ;
; Auto Gated Clock Conversion                                                ; Off                ; Off                ;
; Block Design Naming                                                        ; Auto               ; Auto               ;
; SDC constraint protection                                                  ; Off                ; Off                ;
; Synthesis Effort                                                           ; Auto               ; Auto               ;
; Shift Register Replacement - Allow Asynchronous Clear Signal               ; On                 ; On                 ;
; Analysis & Synthesis Message Level                                         ; Medium             ; Medium             ;
; Disable Register Merging Across Hierarchies                                ; Auto               ; Auto               ;
; Resource Aware Inference For Block RAM                                     ; On                 ; On                 ;
+----------------------------------------------------------------------------+--------------------+--------------------+


Parallel compilation was disabled, but you have multiple processors available. Enable parallel compilation to reduce compilation time.
+-------------------------------------+
; Parallel Compilation                ;
+----------------------------+--------+
; Processors                 ; Number ;
+----------------------------+--------+
; Number detected on machine ; 4      ;
; Maximum allowed            ; 1      ;
+----------------------------+--------+


+---------------------------------------------------------------------------------------------------------------------------------------------------------+
; Analysis & Synthesis Source Files Read                                                                                                                  ;
+----------------------------------+-----------------+------------------------------------+---------------------------------------------------------------+
; File Name with User-Entered Path ; Used in Netlist ; File Type                          ; File Name with Absolute Path                                  ;
+----------------------------------+-----------------+------------------------------------+---------------------------------------------------------------+
; DATA_MEM.bdf                     ; yes             ; User Block Diagram/Schematic File  ; D:/Универ/6 семестр/quartus-micro-processor/DATA_MEM.bdf      ;
; CELL.bdf                         ; yes             ; User Block Diagram/Schematic File  ; D:/Универ/6 семестр/quartus-micro-processor/CELL.bdf          ;
; lpm_bustri1.tdf                  ; yes             ; Auto-Found Wizard-Generated File   ; D:/Универ/6 семестр/quartus-micro-processor/lpm_bustri1.tdf   ;
; lpm_bustri.inc                   ; yes             ; Auto-Found AHDL File               ; c:/altera/91/quartus/libraries/megafunctions/lpm_bustri.inc   ;
; lpm_bustri.tdf                   ; yes             ; Megafunction                       ; c:/altera/91/quartus/libraries/megafunctions/lpm_bustri.tdf   ;
; lpm_dff0.tdf                     ; yes             ; Auto-Found Wizard-Generated File   ; D:/Универ/6 семестр/quartus-micro-processor/lpm_dff0.tdf      ;
; lpm_ff.inc                       ; yes             ; Auto-Found AHDL File               ; c:/altera/91/quartus/libraries/megafunctions/lpm_ff.inc       ;
; lpm_ff.tdf                       ; yes             ; Megafunction                       ; c:/altera/91/quartus/libraries/megafunctions/lpm_ff.tdf       ;
; lpm_decode2.tdf                  ; yes             ; Auto-Found Wizard-Generated File   ; D:/Универ/6 семестр/quartus-micro-processor/lpm_decode2.tdf   ;
; lpm_decode.inc                   ; yes             ; Auto-Found AHDL File               ; c:/altera/91/quartus/libraries/megafunctions/lpm_decode.inc   ;
; lpm_decode.tdf                   ; yes             ; Megafunction                       ; c:/altera/91/quartus/libraries/megafunctions/lpm_decode.tdf   ;
; db/decode_p7f.tdf                ; yes             ; Auto-Generated Megafunction        ; D:/Универ/6 семестр/quartus-micro-processor/db/decode_p7f.tdf ;
+----------------------------------+-----------------+------------------------------------+---------------------------------------------------------------+


+-------------------------------------------------------+
; Analysis & Synthesis Resource Usage Summary           ;
+-----------------------------------------------+-------+
; Resource                                      ; Usage ;
+-----------------------------------------------+-------+
; Estimated ALUTs Used                          ; 16    ;
; Dedicated logic registers                     ; 16    ;
;                                               ;       ;
; Estimated ALUTs Unavailable                   ; 0     ;
;                                               ;       ;
; Total combinational functions                 ; 16    ;
; Combinational ALUT usage by number of inputs  ;       ;
;     -- 7 input functions                      ; 0     ;
;     -- 6 input functions                      ; 0     ;
;     -- 5 input functions                      ; 0     ;
;     -- 4 input functions                      ; 0     ;
;     -- <=3 input functions                    ; 16    ;
;                                               ;       ;
; Combinational ALUTs by mode                   ;       ;
;     -- normal mode                            ; 16    ;
;     -- extended LUT mode                      ; 0     ;
;     -- arithmetic mode                        ; 0     ;
;     -- shared arithmetic mode                 ; 0     ;
;                                               ;       ;
; Estimated ALUT/register pairs used            ; 22    ;
;                                               ;       ;
; Total registers                               ; 16    ;
;     -- Dedicated logic registers              ; 16    ;
;     -- I/O registers                          ; 0     ;
;                                               ;       ;
; Estimated ALMs:  partially or completely used ; 11    ;
;                                               ;       ;
; I/O pins                                      ; 37    ;
; Maximum fan-out node                          ; READ  ;
; Maximum fan-out                               ; 32    ;
; Total fan-out                                 ; 112   ;
; Average fan-out                               ; 1.62  ;
+-----------------------------------------------+-------+


+--------------------------------------------------------------------------------------------------------------------------------------------------------------------------------------------------------------------------------------------------------------------+
; Analysis & Synthesis Resource Utilization by Entity                                                                                                                                                                                                                ;
+--------------------------------------------+-------------------+--------------+-------------------+--------------+---------+-----------+-----------+------+--------------+--------------------------------------------------------------------------+--------------+
; Compilation Hierarchy Node                 ; LC Combinationals ; LC Registers ; Block Memory Bits ; DSP Elements ; DSP 9x9 ; DSP 18x18 ; DSP 36x36 ; Pins ; Virtual Pins ; Full Hierarchy Name                                                      ; Library Name ;
+--------------------------------------------+-------------------+--------------+-------------------+--------------+---------+-----------+-----------+------+--------------+--------------------------------------------------------------------------+--------------+
; |DATA_MEM                                  ; 16 (0)            ; 16 (0)       ; 0                 ; 0            ; 0       ; 0         ; 0         ; 37   ; 0            ; |DATA_MEM                                                                ; work         ;
;    |CELL:inst20|                           ; 16 (0)            ; 16 (0)       ; 0                 ; 0            ; 0       ; 0         ; 0         ; 0    ; 0            ; |DATA_MEM|CELL:inst20                                                    ;              ;
;       |lpm_bustri1:inst13|                 ; 16 (0)            ; 0 (0)        ; 0                 ; 0            ; 0       ; 0         ; 0         ; 0    ; 0            ; |DATA_MEM|CELL:inst20|lpm_bustri1:inst13                                 ; work         ;
;          |lpm_bustri:lpm_bustri_component| ; 16 (16)           ; 0 (0)        ; 0                 ; 0            ; 0       ; 0         ; 0         ; 0    ; 0            ; |DATA_MEM|CELL:inst20|lpm_bustri1:inst13|lpm_bustri:lpm_bustri_component ; work         ;
;       |lpm_dff0:inst|                      ; 0 (0)             ; 16 (0)       ; 0                 ; 0            ; 0       ; 0         ; 0         ; 0    ; 0            ; |DATA_MEM|CELL:inst20|lpm_dff0:inst                                      ; work         ;
;          |lpm_ff:lpm_ff_component|         ; 0 (0)             ; 16 (16)      ; 0                 ; 0            ; 0       ; 0         ; 0         ; 0    ; 0            ; |DATA_MEM|CELL:inst20|lpm_dff0:inst|lpm_ff:lpm_ff_component              ; work         ;
+--------------------------------------------+-------------------+--------------+-------------------+--------------+---------+-----------+-----------+------+--------------+--------------------------------------------------------------------------+--------------+
Note: For table entries with two numbers listed, the numbers in parentheses indicate the number of resources of the given type used by the specific entity alone. The numbers listed outside of parentheses indicate the total resources of the given type used by the specific entity and all of its sub-entities in the hierarchy.


+-------------------------------------------------------------------------------------------------------------------------------------+
; Registers Removed During Synthesis                                                                                                  ;
+------------------------------------------------------------+------------------------------------------------------------------------+
; Register name                                              ; Reason for Removal                                                     ;
+------------------------------------------------------------+------------------------------------------------------------------------+
; CELL:inst|lpm_dff0:inst|lpm_ff:lpm_ff_component|dffs[15]   ; Merged with CELL:inst20|lpm_dff0:inst|lpm_ff:lpm_ff_component|dffs[15] ;
; CELL:inst17|lpm_dff0:inst|lpm_ff:lpm_ff_component|dffs[15] ; Merged with CELL:inst20|lpm_dff0:inst|lpm_ff:lpm_ff_component|dffs[15] ;
; CELL:inst18|lpm_dff0:inst|lpm_ff:lpm_ff_component|dffs[15] ; Merged with CELL:inst20|lpm_dff0:inst|lpm_ff:lpm_ff_component|dffs[15] ;
; CELL:inst|lpm_dff0:inst|lpm_ff:lpm_ff_component|dffs[14]   ; Merged with CELL:inst20|lpm_dff0:inst|lpm_ff:lpm_ff_component|dffs[14] ;
; CELL:inst17|lpm_dff0:inst|lpm_ff:lpm_ff_component|dffs[14] ; Merged with CELL:inst20|lpm_dff0:inst|lpm_ff:lpm_ff_component|dffs[14] ;
; CELL:inst18|lpm_dff0:inst|lpm_ff:lpm_ff_component|dffs[14] ; Merged with CELL:inst20|lpm_dff0:inst|lpm_ff:lpm_ff_component|dffs[14] ;
; CELL:inst|lpm_dff0:inst|lpm_ff:lpm_ff_component|dffs[13]   ; Merged with CELL:inst20|lpm_dff0:inst|lpm_ff:lpm_ff_component|dffs[13] ;
; CELL:inst17|lpm_dff0:inst|lpm_ff:lpm_ff_component|dffs[13] ; Merged with CELL:inst20|lpm_dff0:inst|lpm_ff:lpm_ff_component|dffs[13] ;
; CELL:inst18|lpm_dff0:inst|lpm_ff:lpm_ff_component|dffs[13] ; Merged with CELL:inst20|lpm_dff0:inst|lpm_ff:lpm_ff_component|dffs[13] ;
; CELL:inst|lpm_dff0:inst|lpm_ff:lpm_ff_component|dffs[12]   ; Merged with CELL:inst20|lpm_dff0:inst|lpm_ff:lpm_ff_component|dffs[12] ;
; CELL:inst17|lpm_dff0:inst|lpm_ff:lpm_ff_component|dffs[12] ; Merged with CELL:inst20|lpm_dff0:inst|lpm_ff:lpm_ff_component|dffs[12] ;
; CELL:inst18|lpm_dff0:inst|lpm_ff:lpm_ff_component|dffs[12] ; Merged with CELL:inst20|lpm_dff0:inst|lpm_ff:lpm_ff_component|dffs[12] ;
; CELL:inst|lpm_dff0:inst|lpm_ff:lpm_ff_component|dffs[11]   ; Merged with CELL:inst20|lpm_dff0:inst|lpm_ff:lpm_ff_component|dffs[11] ;
; CELL:inst17|lpm_dff0:inst|lpm_ff:lpm_ff_component|dffs[11] ; Merged with CELL:inst20|lpm_dff0:inst|lpm_ff:lpm_ff_component|dffs[11] ;
; CELL:inst18|lpm_dff0:inst|lpm_ff:lpm_ff_component|dffs[11] ; Merged with CELL:inst20|lpm_dff0:inst|lpm_ff:lpm_ff_component|dffs[11] ;
; CELL:inst|lpm_dff0:inst|lpm_ff:lpm_ff_component|dffs[10]   ; Merged with CELL:inst20|lpm_dff0:inst|lpm_ff:lpm_ff_component|dffs[10] ;
; CELL:inst17|lpm_dff0:inst|lpm_ff:lpm_ff_component|dffs[10] ; Merged with CELL:inst20|lpm_dff0:inst|lpm_ff:lpm_ff_component|dffs[10] ;
; CELL:inst18|lpm_dff0:inst|lpm_ff:lpm_ff_component|dffs[10] ; Merged with CELL:inst20|lpm_dff0:inst|lpm_ff:lpm_ff_component|dffs[10] ;
; CELL:inst|lpm_dff0:inst|lpm_ff:lpm_ff_component|dffs[9]    ; Merged with CELL:inst20|lpm_dff0:inst|lpm_ff:lpm_ff_component|dffs[9]  ;
; CELL:inst17|lpm_dff0:inst|lpm_ff:lpm_ff_component|dffs[9]  ; Merged with CELL:inst20|lpm_dff0:inst|lpm_ff:lpm_ff_component|dffs[9]  ;
; CELL:inst18|lpm_dff0:inst|lpm_ff:lpm_ff_component|dffs[9]  ; Merged with CELL:inst20|lpm_dff0:inst|lpm_ff:lpm_ff_component|dffs[9]  ;
; CELL:inst|lpm_dff0:inst|lpm_ff:lpm_ff_component|dffs[8]    ; Merged with CELL:inst20|lpm_dff0:inst|lpm_ff:lpm_ff_component|dffs[8]  ;
; CELL:inst17|lpm_dff0:inst|lpm_ff:lpm_ff_component|dffs[8]  ; Merged with CELL:inst20|lpm_dff0:inst|lpm_ff:lpm_ff_component|dffs[8]  ;
; CELL:inst18|lpm_dff0:inst|lpm_ff:lpm_ff_component|dffs[8]  ; Merged with CELL:inst20|lpm_dff0:inst|lpm_ff:lpm_ff_component|dffs[8]  ;
; CELL:inst|lpm_dff0:inst|lpm_ff:lpm_ff_component|dffs[7]    ; Merged with CELL:inst20|lpm_dff0:inst|lpm_ff:lpm_ff_component|dffs[7]  ;
; CELL:inst17|lpm_dff0:inst|lpm_ff:lpm_ff_component|dffs[7]  ; Merged with CELL:inst20|lpm_dff0:inst|lpm_ff:lpm_ff_component|dffs[7]  ;
; CELL:inst18|lpm_dff0:inst|lpm_ff:lpm_ff_component|dffs[7]  ; Merged with CELL:inst20|lpm_dff0:inst|lpm_ff:lpm_ff_component|dffs[7]  ;
; CELL:inst|lpm_dff0:inst|lpm_ff:lpm_ff_component|dffs[6]    ; Merged with CELL:inst20|lpm_dff0:inst|lpm_ff:lpm_ff_component|dffs[6]  ;
; CELL:inst17|lpm_dff0:inst|lpm_ff:lpm_ff_component|dffs[6]  ; Merged with CELL:inst20|lpm_dff0:inst|lpm_ff:lpm_ff_component|dffs[6]  ;
; CELL:inst18|lpm_dff0:inst|lpm_ff:lpm_ff_component|dffs[6]  ; Merged with CELL:inst20|lpm_dff0:inst|lpm_ff:lpm_ff_component|dffs[6]  ;
; CELL:inst|lpm_dff0:inst|lpm_ff:lpm_ff_component|dffs[5]    ; Merged with CELL:inst20|lpm_dff0:inst|lpm_ff:lpm_ff_component|dffs[5]  ;
; CELL:inst17|lpm_dff0:inst|lpm_ff:lpm_ff_component|dffs[5]  ; Merged with CELL:inst20|lpm_dff0:inst|lpm_ff:lpm_ff_component|dffs[5]  ;
; CELL:inst18|lpm_dff0:inst|lpm_ff:lpm_ff_component|dffs[5]  ; Merged with CELL:inst20|lpm_dff0:inst|lpm_ff:lpm_ff_component|dffs[5]  ;
; CELL:inst|lpm_dff0:inst|lpm_ff:lpm_ff_component|dffs[4]    ; Merged with CELL:inst20|lpm_dff0:inst|lpm_ff:lpm_ff_component|dffs[4]  ;
; CELL:inst17|lpm_dff0:inst|lpm_ff:lpm_ff_component|dffs[4]  ; Merged with CELL:inst20|lpm_dff0:inst|lpm_ff:lpm_ff_component|dffs[4]  ;
; CELL:inst18|lpm_dff0:inst|lpm_ff:lpm_ff_component|dffs[4]  ; Merged with CELL:inst20|lpm_dff0:inst|lpm_ff:lpm_ff_component|dffs[4]  ;
; CELL:inst|lpm_dff0:inst|lpm_ff:lpm_ff_component|dffs[3]    ; Merged with CELL:inst20|lpm_dff0:inst|lpm_ff:lpm_ff_component|dffs[3]  ;
; CELL:inst17|lpm_dff0:inst|lpm_ff:lpm_ff_component|dffs[3]  ; Merged with CELL:inst20|lpm_dff0:inst|lpm_ff:lpm_ff_component|dffs[3]  ;
; CELL:inst18|lpm_dff0:inst|lpm_ff:lpm_ff_component|dffs[3]  ; Merged with CELL:inst20|lpm_dff0:inst|lpm_ff:lpm_ff_component|dffs[3]  ;
; CELL:inst|lpm_dff0:inst|lpm_ff:lpm_ff_component|dffs[2]    ; Merged with CELL:inst20|lpm_dff0:inst|lpm_ff:lpm_ff_component|dffs[2]  ;
; CELL:inst17|lpm_dff0:inst|lpm_ff:lpm_ff_component|dffs[2]  ; Merged with CELL:inst20|lpm_dff0:inst|lpm_ff:lpm_ff_component|dffs[2]  ;
; CELL:inst18|lpm_dff0:inst|lpm_ff:lpm_ff_component|dffs[2]  ; Merged with CELL:inst20|lpm_dff0:inst|lpm_ff:lpm_ff_component|dffs[2]  ;
; CELL:inst|lpm_dff0:inst|lpm_ff:lpm_ff_component|dffs[1]    ; Merged with CELL:inst20|lpm_dff0:inst|lpm_ff:lpm_ff_component|dffs[1]  ;
; CELL:inst17|lpm_dff0:inst|lpm_ff:lpm_ff_component|dffs[1]  ; Merged with CELL:inst20|lpm_dff0:inst|lpm_ff:lpm_ff_component|dffs[1]  ;
; CELL:inst18|lpm_dff0:inst|lpm_ff:lpm_ff_component|dffs[1]  ; Merged with CELL:inst20|lpm_dff0:inst|lpm_ff:lpm_ff_component|dffs[1]  ;
; CELL:inst|lpm_dff0:inst|lpm_ff:lpm_ff_component|dffs[0]    ; Merged with CELL:inst20|lpm_dff0:inst|lpm_ff:lpm_ff_component|dffs[0]  ;
; CELL:inst17|lpm_dff0:inst|lpm_ff:lpm_ff_component|dffs[0]  ; Merged with CELL:inst20|lpm_dff0:inst|lpm_ff:lpm_ff_component|dffs[0]  ;
; CELL:inst18|lpm_dff0:inst|lpm_ff:lpm_ff_component|dffs[0]  ; Merged with CELL:inst20|lpm_dff0:inst|lpm_ff:lpm_ff_component|dffs[0]  ;
; Total Number of Removed Registers = 48                     ;                                                                        ;
+------------------------------------------------------------+------------------------------------------------------------------------+


+------------------------------------------------------+
; General Register Statistics                          ;
+----------------------------------------------+-------+
; Statistic                                    ; Value ;
+----------------------------------------------+-------+
; Total registers                              ; 16    ;
; Number of registers using Synchronous Clear  ; 0     ;
; Number of registers using Synchronous Load   ; 0     ;
; Number of registers using Asynchronous Clear ; 0     ;
; Number of registers using Asynchronous Load  ; 0     ;
; Number of registers using Clock Enable       ; 16    ;
; Number of registers using Preset             ; 0     ;
+----------------------------------------------+-------+


+-------------------------------------------------------------------------------------------------------------+
; Parameter Settings for User Entity Instance: CELL:inst20|lpm_bustri1:inst13|lpm_bustri:lpm_bustri_component ;
+----------------+-------+------------------------------------------------------------------------------------+
; Parameter Name ; Value ; Type                                                                               ;
+----------------+-------+------------------------------------------------------------------------------------+
; LPM_WIDTH      ; 16    ; Untyped                                                                            ;
+----------------+-------+------------------------------------------------------------------------------------+
Note: In order to hide this table in the UI and the text report file, please set the "Show Parameter Settings Tables in Synthesis Report" option in "Analysis and Synthesis Settings -> More Settings" to "Off".


+------------------------------------------------------------------------------------------------+
; Parameter Settings for User Entity Instance: CELL:inst20|lpm_dff0:inst|lpm_ff:lpm_ff_component ;
+------------------------+------------+----------------------------------------------------------+
; Parameter Name         ; Value      ; Type                                                     ;
+------------------------+------------+----------------------------------------------------------+
; LPM_WIDTH              ; 16         ; Untyped                                                  ;
; LPM_AVALUE             ; UNUSED     ; Untyped                                                  ;
; LPM_SVALUE             ; UNUSED     ; Untyped                                                  ;
; LPM_FFTYPE             ; DFF        ; Untyped                                                  ;
; DEVICE_FAMILY          ; Stratix II ; Untyped                                                  ;
; CBXI_PARAMETER         ; NOTHING    ; Untyped                                                  ;
; AUTO_CARRY_CHAINS      ; ON         ; AUTO_CARRY                                               ;
; IGNORE_CARRY_BUFFERS   ; OFF        ; IGNORE_CARRY                                             ;
; AUTO_CASCADE_CHAINS    ; ON         ; AUTO_CASCADE                                             ;
; IGNORE_CASCADE_BUFFERS ; OFF        ; IGNORE_CASCADE                                           ;
+------------------------+------------+----------------------------------------------------------+
Note: In order to hide this table in the UI and the text report file, please set the "Show Parameter Settings Tables in Synthesis Report" option in "Analysis and Synthesis Settings -> More Settings" to "Off".


+-------------------------------------------------------------------------------------------------------------+
; Parameter Settings for User Entity Instance: CELL:inst20|lpm_bustri1:inst12|lpm_bustri:lpm_bustri_component ;
+----------------+-------+------------------------------------------------------------------------------------+
; Parameter Name ; Value ; Type                                                                               ;
+----------------+-------+------------------------------------------------------------------------------------+
; LPM_WIDTH      ; 16    ; Untyped                                                                            ;
+----------------+-------+------------------------------------------------------------------------------------+
Note: In order to hide this table in the UI and the text report file, please set the "Show Parameter Settings Tables in Synthesis Report" option in "Analysis and Synthesis Settings -> More Settings" to "Off".


+-------------------------------------------------------------------------------------------------+
; Parameter Settings for User Entity Instance: lpm_decode2:inst13|lpm_decode:lpm_decode_component ;
+------------------------+------------+-----------------------------------------------------------+
; Parameter Name         ; Value      ; Type                                                      ;
+------------------------+------------+-----------------------------------------------------------+
; LPM_WIDTH              ; 2          ; Untyped                                                   ;
; LPM_DECODES            ; 4          ; Untyped                                                   ;
; LPM_PIPELINE           ; 0          ; Untyped                                                   ;
; CASCADE_CHAIN          ; MANUAL     ; Untyped                                                   ;
; DEVICE_FAMILY          ; Stratix II ; Untyped                                                   ;
; CBXI_PARAMETER         ; decode_p7f ; Untyped                                                   ;
; AUTO_CARRY_CHAINS      ; ON         ; AUTO_CARRY                                                ;
; IGNORE_CARRY_BUFFERS   ; OFF        ; IGNORE_CARRY                                              ;
; AUTO_CASCADE_CHAINS    ; ON         ; AUTO_CASCADE                                              ;
; IGNORE_CASCADE_BUFFERS ; OFF        ; IGNORE_CASCADE                                            ;
+------------------------+------------+-----------------------------------------------------------+
Note: In order to hide this table in the UI and the text report file, please set the "Show Parameter Settings Tables in Synthesis Report" option in "Analysis and Synthesis Settings -> More Settings" to "Off".


+-------------------------------------------------------------------------------------------------------------+
; Parameter Settings for User Entity Instance: CELL:inst18|lpm_bustri1:inst13|lpm_bustri:lpm_bustri_component ;
+----------------+-------+------------------------------------------------------------------------------------+
; Parameter Name ; Value ; Type                                                                               ;
+----------------+-------+------------------------------------------------------------------------------------+
; LPM_WIDTH      ; 16    ; Untyped                                                                            ;
+----------------+-------+------------------------------------------------------------------------------------+
Note: In order to hide this table in the UI and the text report file, please set the "Show Parameter Settings Tables in Synthesis Report" option in "Analysis and Synthesis Settings -> More Settings" to "Off".


+------------------------------------------------------------------------------------------------+
; Parameter Settings for User Entity Instance: CELL:inst18|lpm_dff0:inst|lpm_ff:lpm_ff_component ;
+------------------------+------------+----------------------------------------------------------+
; Parameter Name         ; Value      ; Type                                                     ;
+------------------------+------------+----------------------------------------------------------+
; LPM_WIDTH              ; 16         ; Untyped                                                  ;
; LPM_AVALUE             ; UNUSED     ; Untyped                                                  ;
; LPM_SVALUE             ; UNUSED     ; Untyped                                                  ;
; LPM_FFTYPE             ; DFF        ; Untyped                                                  ;
; DEVICE_FAMILY          ; Stratix II ; Untyped                                                  ;
; CBXI_PARAMETER         ; NOTHING    ; Untyped                                                  ;
; AUTO_CARRY_CHAINS      ; ON         ; AUTO_CARRY                                               ;
; IGNORE_CARRY_BUFFERS   ; OFF        ; IGNORE_CARRY                                             ;
; AUTO_CASCADE_CHAINS    ; ON         ; AUTO_CASCADE                                             ;
; IGNORE_CASCADE_BUFFERS ; OFF        ; IGNORE_CASCADE                                           ;
+------------------------+------------+----------------------------------------------------------+
Note: In order to hide this table in the UI and the text report file, please set the "Show Parameter Settings Tables in Synthesis Report" option in "Analysis and Synthesis Settings -> More Settings" to "Off".


+-------------------------------------------------------------------------------------------------------------+
; Parameter Settings for User Entity Instance: CELL:inst18|lpm_bustri1:inst12|lpm_bustri:lpm_bustri_component ;
+----------------+-------+------------------------------------------------------------------------------------+
; Parameter Name ; Value ; Type                                                                               ;
+----------------+-------+------------------------------------------------------------------------------------+
; LPM_WIDTH      ; 16    ; Untyped                                                                            ;
+----------------+-------+------------------------------------------------------------------------------------+
Note: In order to hide this table in the UI and the text report file, please set the "Show Parameter Settings Tables in Synthesis Report" option in "Analysis and Synthesis Settings -> More Settings" to "Off".


+-------------------------------------------------------------------------------------------------------------+
; Parameter Settings for User Entity Instance: CELL:inst17|lpm_bustri1:inst13|lpm_bustri:lpm_bustri_component ;
+----------------+-------+------------------------------------------------------------------------------------+
; Parameter Name ; Value ; Type                                                                               ;
+----------------+-------+------------------------------------------------------------------------------------+
; LPM_WIDTH      ; 16    ; Untyped                                                                            ;
+----------------+-------+------------------------------------------------------------------------------------+
Note: In order to hide this table in the UI and the text report file, please set the "Show Parameter Settings Tables in Synthesis Report" option in "Analysis and Synthesis Settings -> More Settings" to "Off".


+------------------------------------------------------------------------------------------------+
; Parameter Settings for User Entity Instance: CELL:inst17|lpm_dff0:inst|lpm_ff:lpm_ff_component ;
+------------------------+------------+----------------------------------------------------------+
; Parameter Name         ; Value      ; Type                                                     ;
+------------------------+------------+----------------------------------------------------------+
; LPM_WIDTH              ; 16         ; Untyped                                                  ;
; LPM_AVALUE             ; UNUSED     ; Untyped                                                  ;
; LPM_SVALUE             ; UNUSED     ; Untyped                                                  ;
; LPM_FFTYPE             ; DFF        ; Untyped                                                  ;
; DEVICE_FAMILY          ; Stratix II ; Untyped                                                  ;
; CBXI_PARAMETER         ; NOTHING    ; Untyped                                                  ;
; AUTO_CARRY_CHAINS      ; ON         ; AUTO_CARRY                                               ;
; IGNORE_CARRY_BUFFERS   ; OFF        ; IGNORE_CARRY                                             ;
; AUTO_CASCADE_CHAINS    ; ON         ; AUTO_CASCADE                                             ;
; IGNORE_CASCADE_BUFFERS ; OFF        ; IGNORE_CASCADE                                           ;
+------------------------+------------+----------------------------------------------------------+
Note: In order to hide this table in the UI and the text report file, please set the "Show Parameter Settings Tables in Synthesis Report" option in "Analysis and Synthesis Settings -> More Settings" to "Off".


+-------------------------------------------------------------------------------------------------------------+
; Parameter Settings for User Entity Instance: CELL:inst17|lpm_bustri1:inst12|lpm_bustri:lpm_bustri_component ;
+----------------+-------+------------------------------------------------------------------------------------+
; Parameter Name ; Value ; Type                                                                               ;
+----------------+-------+------------------------------------------------------------------------------------+
; LPM_WIDTH      ; 16    ; Untyped                                                                            ;
+----------------+-------+------------------------------------------------------------------------------------+
Note: In order to hide this table in the UI and the text report file, please set the "Show Parameter Settings Tables in Synthesis Report" option in "Analysis and Synthesis Settings -> More Settings" to "Off".


+-----------------------------------------------------------------------------------------------------------+
; Parameter Settings for User Entity Instance: CELL:inst|lpm_bustri1:inst13|lpm_bustri:lpm_bustri_component ;
+----------------+-------+----------------------------------------------------------------------------------+
; Parameter Name ; Value ; Type                                                                             ;
+----------------+-------+----------------------------------------------------------------------------------+
; LPM_WIDTH      ; 16    ; Untyped                                                                          ;
+----------------+-------+----------------------------------------------------------------------------------+
Note: In order to hide this table in the UI and the text report file, please set the "Show Parameter Settings Tables in Synthesis Report" option in "Analysis and Synthesis Settings -> More Settings" to "Off".


+----------------------------------------------------------------------------------------------+
; Parameter Settings for User Entity Instance: CELL:inst|lpm_dff0:inst|lpm_ff:lpm_ff_component ;
+------------------------+------------+--------------------------------------------------------+
; Parameter Name         ; Value      ; Type                                                   ;
+------------------------+------------+--------------------------------------------------------+
; LPM_WIDTH              ; 16         ; Untyped                                                ;
; LPM_AVALUE             ; UNUSED     ; Untyped                                                ;
; LPM_SVALUE             ; UNUSED     ; Untyped                                                ;
; LPM_FFTYPE             ; DFF        ; Untyped                                                ;
; DEVICE_FAMILY          ; Stratix II ; Untyped                                                ;
; CBXI_PARAMETER         ; NOTHING    ; Untyped                                                ;
; AUTO_CARRY_CHAINS      ; ON         ; AUTO_CARRY                                             ;
; IGNORE_CARRY_BUFFERS   ; OFF        ; IGNORE_CARRY                                           ;
; AUTO_CASCADE_CHAINS    ; ON         ; AUTO_CASCADE                                           ;
; IGNORE_CASCADE_BUFFERS ; OFF        ; IGNORE_CASCADE                                         ;
+------------------------+------------+--------------------------------------------------------+
Note: In order to hide this table in the UI and the text report file, please set the "Show Parameter Settings Tables in Synthesis Report" option in "Analysis and Synthesis Settings -> More Settings" to "Off".


+-----------------------------------------------------------------------------------------------------------+
; Parameter Settings for User Entity Instance: CELL:inst|lpm_bustri1:inst12|lpm_bustri:lpm_bustri_component ;
+----------------+-------+----------------------------------------------------------------------------------+
; Parameter Name ; Value ; Type                                                                             ;
+----------------+-------+----------------------------------------------------------------------------------+
; LPM_WIDTH      ; 16    ; Untyped                                                                          ;
+----------------+-------+----------------------------------------------------------------------------------+
Note: In order to hide this table in the UI and the text report file, please set the "Show Parameter Settings Tables in Synthesis Report" option in "Analysis and Synthesis Settings -> More Settings" to "Off".


+-------------------------------+
; Analysis & Synthesis Messages ;
+-------------------------------+
Info: *******************************************************************
Info: Running Quartus II Analysis & Synthesis
    Info: Version 9.1 Build 222 10/21/2009 SJ Web Edition
    Info: Processing started: Fri Apr 21 00:59:38 2017
Info: Command: quartus_map --read_settings_files=on --write_settings_files=off course-project -c course-project
Info: Found 1 design units, including 1 entities, in source file course-project.bdf
    Info: Found entity 1: course-project
Info: Found 1 design units, including 1 entities, in source file registers.bdf
    Info: Found entity 1: Registers
Info: Found 1 design units, including 1 entities, in source file cu.bdf
    Info: Found entity 1: CU
Info: Found 1 design units, including 1 entities, in source file tag.bdf
    Info: Found entity 1: TAG
Info: Found 1 design units, including 1 entities, in source file tag_mem.bdf
    Info: Found entity 1: TAG_MEM
Info: Found 1 design units, including 1 entities, in source file cash.bdf
    Info: Found entity 1: CASH
Info: Found 1 design units, including 1 entities, in source file data_mem.bdf
    Info: Found entity 1: DATA_MEM
Info: Found 1 design units, including 1 entities, in source file cell.bdf
    Info: Found entity 1: CELL
Info: Elaborating entity "DATA_MEM" for the top level hierarchy
Info: Elaborating entity "CELL" for hierarchy "CELL:inst20"
Warning: Using design file lpm_bustri1.tdf, which is not specified as a design file for the current project, but contains definitions for 1 design units and 1 entities in project
    Info: Found entity 1: lpm_bustri1
Info: Elaborating entity "lpm_bustri1" for hierarchy "CELL:inst20|lpm_bustri1:inst13"
Info: Elaborating entity "lpm_bustri" for hierarchy "CELL:inst20|lpm_bustri1:inst13|lpm_bustri:lpm_bustri_component"
Info: Elaborated megafunction instantiation "CELL:inst20|lpm_bustri1:inst13|lpm_bustri:lpm_bustri_component"
Info: Instantiated megafunction "CELL:inst20|lpm_bustri1:inst13|lpm_bustri:lpm_bustri_component" with the following parameter:
    Info: Parameter "LPM_TYPE" = "LPM_BUSTRI"
    Info: Parameter "LPM_WIDTH" = "16"
Warning: Using design file lpm_dff0.tdf, which is not specified as a design file for the current project, but contains definitions for 1 design units and 1 entities in project
    Info: Found entity 1: lpm_dff0
Info: Elaborating entity "lpm_dff0" for hierarchy "CELL:inst20|lpm_dff0:inst"
Info: Elaborating entity "lpm_ff" for hierarchy "CELL:inst20|lpm_dff0:inst|lpm_ff:lpm_ff_component"
Info: Elaborated megafunction instantiation "CELL:inst20|lpm_dff0:inst|lpm_ff:lpm_ff_component"
Info: Instantiated megafunction "CELL:inst20|lpm_dff0:inst|lpm_ff:lpm_ff_component" with the following parameter:
    Info: Parameter "LPM_TYPE" = "LPM_FF"
    Info: Parameter "LPM_WIDTH" = "16"
    Info: Parameter "LPM_FFTYPE" = "DFF"
Warning: Using design file lpm_decode2.tdf, which is not specified as a design file for the current project, but contains definitions for 1 design units and 1 entities in project
    Info: Found entity 1: lpm_decode2
Info: Elaborating entity "lpm_decode2" for hierarchy "lpm_decode2:inst13"
Info: Elaborating entity "lpm_decode" for hierarchy "lpm_decode2:inst13|lpm_decode:lpm_decode_component"
Info: Elaborated megafunction instantiation "lpm_decode2:inst13|lpm_decode:lpm_decode_component"
Info: Instantiated megafunction "lpm_decode2:inst13|lpm_decode:lpm_decode_component" with the following parameter:
    Info: Parameter "LPM_TYPE" = "LPM_DECODE"
    Info: Parameter "LPM_WIDTH" = "2"
    Info: Parameter "LPM_DECODES" = "4"
Info: Found 1 design units, including 1 entities, in source file db/decode_p7f.tdf
    Info: Found entity 1: decode_p7f
Info: Elaborating entity "decode_p7f" for hierarchy "lpm_decode2:inst13|lpm_decode:lpm_decode_component|decode_p7f:auto_generated"
Warning: Tri-state node(s) do not directly drive top-level pin(s)
    Warning: Converted tri-state buffer "CELL:inst|lpm_bustri1:inst12|lpm_bustri:lpm_bustri_component|dout[15]" feeding internal logic into a wire
    Warning: Converted tri-state buffer "CELL:inst|lpm_bustri1:inst12|lpm_bustri:lpm_bustri_component|dout[14]" feeding internal logic into a wire
    Warning: Converted tri-state buffer "CELL:inst|lpm_bustri1:inst12|lpm_bustri:lpm_bustri_component|dout[13]" feeding internal logic into a wire
    Warning: Converted tri-state buffer "CELL:inst|lpm_bustri1:inst12|lpm_bustri:lpm_bustri_component|dout[12]" feeding internal logic into a wire
    Warning: Converted tri-state buffer "CELL:inst|lpm_bustri1:inst12|lpm_bustri:lpm_bustri_component|dout[11]" feeding internal logic into a wire
    Warning: Converted tri-state buffer "CELL:inst|lpm_bustri1:inst12|lpm_bustri:lpm_bustri_component|dout[10]" feeding internal logic into a wire
    Warning: Converted tri-state buffer "CELL:inst|lpm_bustri1:inst12|lpm_bustri:lpm_bustri_component|dout[9]" feeding internal logic into a wire
    Warning: Converted tri-state buffer "CELL:inst|lpm_bustri1:inst12|lpm_bustri:lpm_bustri_component|dout[8]" feeding internal logic into a wire
    Warning: Converted tri-state buffer "CELL:inst|lpm_bustri1:inst12|lpm_bustri:lpm_bustri_component|dout[7]" feeding internal logic into a wire
    Warning: Converted tri-state buffer "CELL:inst|lpm_bustri1:inst12|lpm_bustri:lpm_bustri_component|dout[6]" feeding internal logic into a wire
    Warning: Converted tri-state buffer "CELL:inst|lpm_bustri1:inst12|lpm_bustri:lpm_bustri_component|dout[5]" feeding internal logic into a wire
    Warning: Converted tri-state buffer "CELL:inst|lpm_bustri1:inst12|lpm_bustri:lpm_bustri_component|dout[4]" feeding internal logic into a wire
    Warning: Converted tri-state buffer "CELL:inst|lpm_bustri1:inst12|lpm_bustri:lpm_bustri_component|dout[3]" feeding internal logic into a wire
    Warning: Converted tri-state buffer "CELL:inst|lpm_bustri1:inst12|lpm_bustri:lpm_bustri_component|dout[2]" feeding internal logic into a wire
    Warning: Converted tri-state buffer "CELL:inst|lpm_bustri1:inst12|lpm_bustri:lpm_bustri_component|dout[1]" feeding internal logic into a wire
    Warning: Converted tri-state buffer "CELL:inst|lpm_bustri1:inst12|lpm_bustri:lpm_bustri_component|dout[0]" feeding internal logic into a wire
    Warning: Converted tri-state buffer "CELL:inst17|lpm_bustri1:inst12|lpm_bustri:lpm_bustri_component|dout[15]" feeding internal logic into a wire
    Warning: Converted tri-state buffer "CELL:inst17|lpm_bustri1:inst12|lpm_bustri:lpm_bustri_component|dout[14]" feeding internal logic into a wire
    Warning: Converted tri-state buffer "CELL:inst17|lpm_bustri1:inst12|lpm_bustri:lpm_bustri_component|dout[13]" feeding internal logic into a wire
    Warning: Converted tri-state buffer "CELL:inst17|lpm_bustri1:inst12|lpm_bustri:lpm_bustri_component|dout[12]" feeding internal logic into a wire
    Warning: Converted tri-state buffer "CELL:inst17|lpm_bustri1:inst12|lpm_bustri:lpm_bustri_component|dout[11]" feeding internal logic into a wire
    Warning: Converted tri-state buffer "CELL:inst17|lpm_bustri1:inst12|lpm_bustri:lpm_bustri_component|dout[10]" feeding internal logic into a wire
    Warning: Converted tri-state buffer "CELL:inst17|lpm_bustri1:inst12|lpm_bustri:lpm_bustri_component|dout[9]" feeding internal logic into a wire
    Warning: Converted tri-state buffer "CELL:inst17|lpm_bustri1:inst12|lpm_bustri:lpm_bustri_component|dout[8]" feeding internal logic into a wire
    Warning: Converted tri-state buffer "CELL:inst17|lpm_bustri1:inst12|lpm_bustri:lpm_bustri_component|dout[7]" feeding internal logic into a wire
    Warning: Converted tri-state buffer "CELL:inst17|lpm_bustri1:inst12|lpm_bustri:lpm_bustri_component|dout[6]" feeding internal logic into a wire
    Warning: Converted tri-state buffer "CELL:inst17|lpm_bustri1:inst12|lpm_bustri:lpm_bustri_component|dout[5]" feeding internal logic into a wire
    Warning: Converted tri-state buffer "CELL:inst17|lpm_bustri1:inst12|lpm_bustri:lpm_bustri_component|dout[4]" feeding internal logic into a wire
    Warning: Converted tri-state buffer "CELL:inst17|lpm_bustri1:inst12|lpm_bustri:lpm_bustri_component|dout[3]" feeding internal logic into a wire
    Warning: Converted tri-state buffer "CELL:inst17|lpm_bustri1:inst12|lpm_bustri:lpm_bustri_component|dout[2]" feeding internal logic into a wire
    Warning: Converted tri-state buffer "CELL:inst17|lpm_bustri1:inst12|lpm_bustri:lpm_bustri_component|dout[1]" feeding internal logic into a wire
    Warning: Converted tri-state buffer "CELL:inst17|lpm_bustri1:inst12|lpm_bustri:lpm_bustri_component|dout[0]" feeding internal logic into a wire
    Warning: Converted tri-state buffer "CELL:inst18|lpm_bustri1:inst12|lpm_bustri:lpm_bustri_component|dout[15]" feeding internal logic into a wire
    Warning: Converted tri-state buffer "CELL:inst18|lpm_bustri1:inst12|lpm_bustri:lpm_bustri_component|dout[14]" feeding internal logic into a wire
    Warning: Converted tri-state buffer "CELL:inst18|lpm_bustri1:inst12|lpm_bustri:lpm_bustri_component|dout[13]" feeding internal logic into a wire
    Warning: Converted tri-state buffer "CELL:inst18|lpm_bustri1:inst12|lpm_bustri:lpm_bustri_component|dout[12]" feeding internal logic into a wire
    Warning: Converted tri-state buffer "CELL:inst18|lpm_bustri1:inst12|lpm_bustri:lpm_bustri_component|dout[11]" feeding internal logic into a wire
    Warning: Converted tri-state buffer "CELL:inst18|lpm_bustri1:inst12|lpm_bustri:lpm_bustri_component|dout[10]" feeding internal logic into a wire
    Warning: Converted tri-state buffer "CELL:inst18|lpm_bustri1:inst12|lpm_bustri:lpm_bustri_component|dout[9]" feeding internal logic into a wire
    Warning: Converted tri-state buffer "CELL:inst18|lpm_bustri1:inst12|lpm_bustri:lpm_bustri_component|dout[8]" feeding internal logic into a wire
    Warning: Converted tri-state buffer "CELL:inst18|lpm_bustri1:inst12|lpm_bustri:lpm_bustri_component|dout[7]" feeding internal logic into a wire
    Warning: Converted tri-state buffer "CELL:inst18|lpm_bustri1:inst12|lpm_bustri:lpm_bustri_component|dout[6]" feeding internal logic into a wire
    Warning: Converted tri-state buffer "CELL:inst18|lpm_bustri1:inst12|lpm_bustri:lpm_bustri_component|dout[5]" feeding internal logic into a wire
    Warning: Converted tri-state buffer "CELL:inst18|lpm_bustri1:inst12|lpm_bustri:lpm_bustri_component|dout[4]" feeding internal logic into a wire
    Warning: Converted tri-state buffer "CELL:inst18|lpm_bustri1:inst12|lpm_bustri:lpm_bustri_component|dout[3]" feeding internal logic into a wire
    Warning: Converted tri-state buffer "CELL:inst18|lpm_bustri1:inst12|lpm_bustri:lpm_bustri_component|dout[2]" feeding internal logic into a wire
    Warning: Converted tri-state buffer "CELL:inst18|lpm_bustri1:inst12|lpm_bustri:lpm_bustri_component|dout[1]" feeding internal logic into a wire
    Warning: Converted tri-state buffer "CELL:inst18|lpm_bustri1:inst12|lpm_bustri:lpm_bustri_component|dout[0]" feeding internal logic into a wire
    Warning: Converted tri-state buffer "CELL:inst20|lpm_bustri1:inst12|lpm_bustri:lpm_bustri_component|dout[15]" feeding internal logic into a wire
    Warning: Converted tri-state buffer "CELL:inst20|lpm_bustri1:inst12|lpm_bustri:lpm_bustri_component|dout[14]" feeding internal logic into a wire
    Warning: Converted tri-state buffer "CELL:inst20|lpm_bustri1:inst12|lpm_bustri:lpm_bustri_component|dout[13]" feeding internal logic into a wire
    Warning: Converted tri-state buffer "CELL:inst20|lpm_bustri1:inst12|lpm_bustri:lpm_bustri_component|dout[12]" feeding internal logic into a wire
    Warning: Converted tri-state buffer "CELL:inst20|lpm_bustri1:inst12|lpm_bustri:lpm_bustri_component|dout[11]" feeding internal logic into a wire
    Warning: Converted tri-state buffer "CELL:inst20|lpm_bustri1:inst12|lpm_bustri:lpm_bustri_component|dout[10]" feeding internal logic into a wire
    Warning: Converted tri-state buffer "CELL:inst20|lpm_bustri1:inst12|lpm_bustri:lpm_bustri_component|dout[9]" feeding internal logic into a wire
    Warning: Converted tri-state buffer "CELL:inst20|lpm_bustri1:inst12|lpm_bustri:lpm_bustri_component|dout[8]" feeding internal logic into a wire
    Warning: Converted tri-state buffer "CELL:inst20|lpm_bustri1:inst12|lpm_bustri:lpm_bustri_component|dout[7]" feeding internal logic into a wire
    Warning: Converted tri-state buffer "CELL:inst20|lpm_bustri1:inst12|lpm_bustri:lpm_bustri_component|dout[6]" feeding internal logic into a wire
    Warning: Converted tri-state buffer "CELL:inst20|lpm_bustri1:inst12|lpm_bustri:lpm_bustri_component|dout[5]" feeding internal logic into a wire
    Warning: Converted tri-state buffer "CELL:inst20|lpm_bustri1:inst12|lpm_bustri:lpm_bustri_component|dout[4]" feeding internal logic into a wire
    Warning: Converted tri-state buffer "CELL:inst20|lpm_bustri1:inst12|lpm_bustri:lpm_bustri_component|dout[3]" feeding internal logic into a wire
    Warning: Converted tri-state buffer "CELL:inst20|lpm_bustri1:inst12|lpm_bustri:lpm_bustri_component|dout[2]" feeding internal logic into a wire
    Warning: Converted tri-state buffer "CELL:inst20|lpm_bustri1:inst12|lpm_bustri:lpm_bustri_component|dout[1]" feeding internal logic into a wire
    Warning: Converted tri-state buffer "CELL:inst20|lpm_bustri1:inst12|lpm_bustri:lpm_bustri_component|dout[0]" feeding internal logic into a wire
Warning: Design contains 2 input pin(s) that do not drive logic
    Warning (15610): No output dependent on input pin "CELL_NUM[1]"
    Warning (15610): No output dependent on input pin "CELL_NUM[0]"
Info: Implemented 69 device resources after synthesis - the final resource count might be different
    Info: Implemented 21 input pins
    Info: Implemented 16 output pins
    Info: Implemented 32 logic cells
Info: Quartus II Analysis & Synthesis was successful. 0 errors, 71 warnings
    Info: Peak virtual memory: 243 megabytes
    Info: Processing ended: Fri Apr 21 00:59:39 2017
    Info: Elapsed time: 00:00:01
    Info: Total CPU time (on all processors): 00:00:02


