--------------------------------------------------------------------------------------
Timing Analyzer Summary
--------------------------------------------------------------------------------------

Type           : Worst-case tco
Slack          : N/A
Required Time  : None
Actual Time    : 14.360 ns
From           : CU:inst2|lpm_rom:inst1|altrom:srom|altsyncram:rom_block|altsyncram_9001:auto_generated|ram_block1a11~porta_address_reg11
To             : DBUS[4]
From Clock     : CLC
To Clock       : --
Failed Paths   : 0

Type           : Clock Setup: 'CLC'
Slack          : N/A
Required Time  : None
Actual Time    : 89.67 MHz ( period = 11.152 ns )
From           : CU:inst2|lpm_rom:inst1|altrom:srom|altsyncram:rom_block|altsyncram_9001:auto_generated|ram_block1a11~porta_address_reg11
To             : MEM:inst4|lpm_counter2:inst|lpm_counter:lpm_counter_component|cntr_dbj:auto_generated|safe_q[0]
From Clock     : CLC
To Clock       : CLC
Failed Paths   : 0

Type           : Total number of failed paths
Slack          : 
Required Time  : 
Actual Time    : 
From           : 
To             : 
From Clock     : 
To Clock       : 
Failed Paths   : 0

--------------------------------------------------------------------------------------

